// Jest Snapshot v1, https://goo.gl/fbAQLP

exports[`parser 1`] = `
Object {
  "all": Map {},
  "families": Map {},
  "people": Map {},
}
`;

exports[`parser-refs 1`] = `
Array [
  Object {
    "raw": "1",
    "type": "LEVEL",
    "value": 1,
  },
  Object {
    "raw": " ",
    "type": "DELIM",
  },
  Object {
    "raw": "NAME",
    "type": "TAG",
  },
  Object {
    "raw": "Elizabeth /Stansfield/",
    "type": "LINEVALUE",
  },
]
`;
